// Jest Snapshot v1, https://goo.gl/fbAQLP

exports[`Layout renders 1`] = `
<main
  class="main"
/>
`;
